entity 
{
	component
	{
		type "Static_Model"
		string "Test\hills.obj"
		uint "0"
		transform
			vec3 "0,-7.5,10"
			quat "1,0,0,0"
			vec3 "30,30,30"
	}
}
entity 
{
	component
	{
		type "Static_Model"
		string "Test\wall.obj"
		uint "0"
		transform
			vec3 "-22,-10,0"
			quat "1,0,0,0"
			vec3 "2,2,2"
	}
}
entity 
{
	component
	{
		type "Static_Model"
		string "Test\wall.obj"
		uint "2"
		transform
			vec3 "22,-10,0"
			quat "1,0,0,0"
			vec3 "2,2,2"
	}
}
entity 
{
	component
	{
		type "Static_Model"
		string "Test\wall.obj"
		uint "1"
		transform
			vec3 "0,-10,-22"
			quat "0.707106769,0,0.707106769,0"
			vec3 "2,2,2"
	}
}
entity 
{
	component
	{
		type "Static_Model"
		string "Test\wall.obj"
		uint "1"
		transform
			vec3 "20,-11,0"
			quat "0.707106769,0,0,0.707106769"
			vec3 "2,2,2"
	}
}
entity 
{
	component
	{
		type "Static_Model"
		string "Test\wall.obj"
		uint "1"
		transform
			vec3 "-44,-10,-22"
			quat "0.707106769,0,0.707106769,0"
			vec3 "2,2,2"
	}
}
entity 
{
	component
	{
		type "Static_Model"
		string "Test\wall.obj"
		uint "1"
		transform
			vec3 "-44, -10, 22"
			quat "0.707106769,0,0.707106769,0"
			vec3 "2,2,2"
	}
}
entity 
{
	component
	{
		type "Static_Model"
		string "Test\ref_test.obj"
		uint "0"
		transform
			vec3 "15,0,-18"
			quat "1,0,0,0"
			vec3 "1,1,1"
	}
}
entity 
{
	component
	{
		type "Anim_Model"
		string "Test\AnimationTest.fbx"
		uint "1"
		int "1"
		transform
			vec3 "-5,0,0"
			quat "1,0,0,0"
			vec3 "1,1,1"
	}
}
entity 
{
	component
	{
		type "Static_Model"
		string "Test\AnimationTest.fbx"
		uint "0"
		transform
			vec3 "5,0,0"
			quat "0.707106769,0,0.707106769,0"
			vec3 "1,1,1"
	}
}
entity 
{
	component
	{
		type "Static_Model"
		string "Test\AnimationTest.fbx"
		uint "0"
		transform
			vec3 "18,0,-5"
			quat "1,0,0,0"
			vec3 "1,1,1"
	}
}
entity 
{
	component
	{
		type "Static_Model"
		string "Test\AnimationTest.fbx"
		uint "0"
		transform
			vec3 "0,0,5"
			quat "0.707106769,0,0.707106769,0"
			vec3 "1,1,1"
	}
}
entity 
{
	component
	{
		type "Static_Model"
		string "Test\AnimationTest.fbx"
		uint "0"
		transform
			vec3 "0,-5,0"
			quat "0.707106769,0,0.5,0.5"
			vec3 "1,1,1"
	}
}
entity 
{
	component
	{
		type "Static_Model"
		string "Test\AnimationTest.fbx"
		uint "0"
		transform
			vec3 "-30,0,-5"
			quat "1,0,0,0"
			vec3 "1,1,1"
	}
}
entity 
{
	component
	{
		type "Static_Model"
		string "Test\AnimationTest.fbx"
		uint "0"
		transform
			vec3 "-30,0,5"
			quat "1,0,0,0"
			vec3 "1,1,1"
	}
}
entity
{
	component
	{
		type "Light_Directional"
		vec3 "0.75,0.75,0.9"
		float "8"
		transform
			vec3 "0,0,0"
			quat "0.0828278884,-0.373612523,0.901980519,0.199964225"
			vec3 "1,1,1"
	}
}
entity
{
	component
	{
		type "Reflector"
		transform
			vec3 "44,15,0"
			quat "1,0,0,0"
			vec3 "21,21,21"
	}
}
entity
{
	component
	{
		type "Reflector"
		transform
			vec3 "0,15,0"
			quat "1,0,0,0"
			vec3 "21,21,21"
	}
}